Using vips to process variants requires the libvips library. Please install libvips using the instructions on the libvips website.
Generating image variants require the image_processing gem. Please add `gem "image_processing", "~> 1.2"` to your Gemfile or set `config.active_storage.variant_processor = :disabled`.
Generating image variants require the image_processing gem. Please add `gem "image_processing", "~> 1.2"` to your Gemfile or set `config.active_storage.variant_processor = :disabled`.
Generating image variants require the image_processing gem. Please add `gem "image_processing", "~> 1.2"` to your Gemfile or set `config.active_storage.variant_processor = :disabled`.
  [1m[35m (150.1ms)[0m  [1m[35mCREATE DATABASE "expenseflow_development" ENCODING = 'unicode' /*application='Backend'*/[0m
Generating image variants require the image_processing gem. Please add `gem "image_processing", "~> 1.2"` to your Gemfile or set `config.active_storage.variant_processor = :disabled`.
  [1m[35mSQL (0.1ms)[0m  [1m[35mSET search_path TO public /*application='Backend'*/[0m
  [1m[35m (205.8ms)[0m  [1m[35mCREATE DATABASE "expenseflow_development" ENCODING = 'unicode' /*application='Backend'*/[0m
  [1m[35mSQL (0.1ms)[0m  [1m[35mSET search_path TO public /*application='Backend'*/[0m
  [1m[35m (65.1ms)[0m  [1m[35mCREATE DATABASE "expenseflow_test" ENCODING = 'unicode' /*application='Backend'*/[0m
  [1m[35m (2.7ms)[0m  [1m[35mCREATE TABLE "schema_migrations" ("version" character varying NOT NULL PRIMARY KEY) /*application='Backend'*/[0m
  [1m[35m (1.2ms)[0m  [1m[35mCREATE TABLE "ar_internal_metadata" ("key" character varying NOT NULL PRIMARY KEY, "value" character varying, "created_at" timestamp(6) NOT NULL, "updated_at" timestamp(6) NOT NULL) /*application='Backend'*/[0m
  [1m[35m (0.3ms)[0m  [1m[34mSELECT pg_try_advisory_lock(3263411235106515675) /*application='Backend'*/[0m
  [1m[36mActiveRecord::SchemaMigration Load (0.3ms)[0m  [1m[34mSELECT "schema_migrations"."version" FROM "schema_migrations" ORDER BY "schema_migrations"."version" ASC /*application='Backend'*/[0m
  [1m[36mActiveRecord::InternalMetadata Load (0.3ms)[0m  [1m[34mSELECT * FROM "ar_internal_metadata" WHERE "ar_internal_metadata"."key" = 'environment' ORDER BY "ar_internal_metadata"."key" ASC LIMIT 1 /*application='Backend'*/[0m
  [1m[36mActiveRecord::InternalMetadata Create (1.2ms)[0m  [1m[32mINSERT INTO "ar_internal_metadata" ("key", "value", "created_at", "updated_at") VALUES ('environment', 'development', '2026-09-16 13:09:52.180049', '2026-09-16 13:09:52.180051') RETURNING "key" /*application='Backend'*/[0m
Migrating to CreateExpenseFlowTables (20260916130500)
  [1m[36mTRANSACTION (0.0ms)[0m  [1m[35mBEGIN /*application='Backend'*/[0m
  [1m[35m (2.1ms)[0m  [1m[35mCREATE TABLE "users" ("id" bigserial primary key, "name" character varying NOT NULL, "email" character varying NOT NULL, "password_digest" character varying NOT NULL, "role" character varying DEFAULT 'employee' NOT NULL, "team_id" bigint, "is_active" boolean DEFAULT TRUE NOT NULL, "created_at" timestamp(6) NOT NULL, "updated_at" timestamp(6) NOT NULL) /*application='Backend'*/[0m
  [1m[35m (0.5ms)[0m  [1m[35mCREATE UNIQUE INDEX "index_users_on_lower_email" ON "users" (lower(email)) /*application='Backend'*/[0m
  [1m[35m (0.3ms)[0m  [1m[35mCREATE INDEX "index_users_on_role" ON "users" ("role") /*application='Backend'*/[0m
  [1m[35m (0.4ms)[0m  [1m[35mCREATE INDEX "index_users_on_team_id" ON "users" ("team_id") /*application='Backend'*/[0m
  [1m[35m (1.1ms)[0m  [1m[35mCREATE TABLE "teams" ("id" bigserial primary key, "name" character varying NOT NULL, "manager_id" bigint NOT NULL, "created_at" timestamp(6) NOT NULL, "updated_at" timestamp(6) NOT NULL) /*application='Backend'*/[0m
  [1m[35m (0.4ms)[0m  [1m[35mCREATE UNIQUE INDEX "index_teams_on_lower_name" ON "teams" (lower(name)) /*application='Backend'*/[0m
  [1m[35m (0.4ms)[0m  [1m[35mCREATE INDEX "index_teams_on_manager_id" ON "teams" ("manager_id") /*application='Backend'*/[0m
  [1m[35m (1.6ms)[0m  [1m[35mALTER TABLE "teams" ADD CONSTRAINT "fk_rails_93b029b083"
FOREIGN KEY ("manager_id")
  REFERENCES "users" ("id")
 /*application='Backend'*/[0m
  [1m[35m (0.3ms)[0m  [1m[35mALTER TABLE "users" ADD CONSTRAINT "fk_rails_b2bbf87303"
FOREIGN KEY ("team_id")
  REFERENCES "teams" ("id")
 /*application='Backend'*/[0m
  [1m[35m (2.7ms)[0m  [1m[35mCREATE TABLE "categories" ("id" bigserial primary key, "name" character varying NOT NULL, "auto_approve_limit" decimal(10,2) DEFAULT 0.0 NOT NULL, "is_active" boolean DEFAULT TRUE NOT NULL, "created_at" timestamp(6) NOT NULL, "updated_at" timestamp(6) NOT NULL) /*application='Backend'*/[0m
  [1m[35m (0.4ms)[0m  [1m[35mCREATE UNIQUE INDEX "index_categories_on_lower_name" ON "categories" (lower(name)) /*application='Backend'*/[0m
  [1m[35m (0.4ms)[0m  [1m[35mCREATE INDEX "index_categories_on_is_active" ON "categories" ("is_active") /*application='Backend'*/[0m
  [1m[35m (1.2ms)[0m  [1m[35mCREATE TABLE "expenses" ("id" bigserial primary key, "user_id" bigint NOT NULL, "category_id" bigint NOT NULL, "title" character varying NOT NULL, "description" text, "amount" decimal(10,2) NOT NULL, "spent_date" date NOT NULL, "status" character varying DEFAULT 'draft' NOT NULL, "payment_reference" character varying, "submitted_at" timestamp(6), "reimbursed_at" timestamp(6), "created_at" timestamp(6) NOT NULL, "updated_at" timestamp(6) NOT NULL, CONSTRAINT "fk_rails_c3ee69df61"
FOREIGN KEY ("user_id")
  REFERENCES "users" ("id")
, CONSTRAINT "fk_rails_06966d0da0"
FOREIGN KEY ("category_id")
  REFERENCES "categories" ("id")
) /*application='Backend'*/[0m
  [1m[35m (0.3ms)[0m  [1m[35mCREATE INDEX "index_expenses_on_user_id" ON "expenses" ("user_id") /*application='Backend'*/[0m
  [1m[35m (0.3ms)[0m  [1m[35mCREATE INDEX "index_expenses_on_category_id" ON "expenses" ("category_id") /*application='Backend'*/[0m
  [1m[35m (0.3ms)[0m  [1m[35mCREATE INDEX "index_expenses_on_status" ON "expenses" ("status") /*application='Backend'*/[0m
  [1m[35m (0.3ms)[0m  [1m[35mCREATE INDEX "index_expenses_on_spent_date" ON "expenses" ("spent_date") /*application='Backend'*/[0m
  [1m[35m (0.5ms)[0m  [1m[35mCREATE INDEX "index_expenses_on_status_and_created_at" ON "expenses" ("status", "created_at") /*application='Backend'*/[0m
  [1m[35m (1.0ms)[0m  [1m[35mCREATE TABLE "expense_histories" ("id" bigserial primary key, "expense_id" bigint NOT NULL, "actor_id" bigint, "actor_type" character varying DEFAULT 'user' NOT NULL, "actor_name" character varying NOT NULL, "previous_status" character varying, "new_status" character varying NOT NULL, "comment" text, "created_at" timestamp(6) NOT NULL, CONSTRAINT "fk_rails_7f69385471"
FOREIGN KEY ("expense_id")
  REFERENCES "expenses" ("id")
 ON DELETE CASCADE, CONSTRAINT "fk_rails_92e8db6772"
FOREIGN KEY ("actor_id")
  REFERENCES "users" ("id")
) /*application='Backend'*/[0m
  [1m[35m (0.3ms)[0m  [1m[35mCREATE INDEX "index_expense_histories_on_expense_id" ON "expense_histories" ("expense_id") /*application='Backend'*/[0m
  [1m[35m (0.3ms)[0m  [1m[35mCREATE INDEX "index_expense_histories_on_actor_id" ON "expense_histories" ("actor_id") /*application='Backend'*/[0m
  [1m[35m (0.4ms)[0m  [1m[35mCREATE INDEX "index_expense_histories_on_expense_id_and_created_at" ON "expense_histories" ("expense_id", "created_at") /*application='Backend'*/[0m
  [1m[35m (1.0ms)[0m  [1m[35mCREATE TABLE "notifications" ("id" bigserial primary key, "user_id" bigint NOT NULL, "expense_id" bigint NOT NULL, "message" character varying NOT NULL, "is_read" boolean DEFAULT FALSE NOT NULL, "created_at" timestamp(6) NOT NULL, CONSTRAINT "fk_rails_b080fb4855"
FOREIGN KEY ("user_id")
  REFERENCES "users" ("id")
 ON DELETE CASCADE, CONSTRAINT "fk_rails_225cde504d"
FOREIGN KEY ("expense_id")
  REFERENCES "expenses" ("id")
 ON DELETE CASCADE) /*application='Backend'*/[0m
  [1m[35m (0.3ms)[0m  [1m[35mCREATE INDEX "index_notifications_on_user_id" ON "notifications" ("user_id") /*application='Backend'*/[0m
  [1m[35m (0.5ms)[0m  [1m[35mCREATE INDEX "index_notifications_on_expense_id" ON "notifications" ("expense_id") /*application='Backend'*/[0m
  [1m[35m (0.5ms)[0m  [1m[35mCREATE INDEX "index_notifications_on_user_id_and_is_read" ON "notifications" ("user_id", "is_read") /*application='Backend'*/[0m
  [1m[35m (0.3ms)[0m  [1m[35mCREATE INDEX "index_notifications_on_user_id_and_created_at" ON "notifications" ("user_id", "created_at") /*application='Backend'*/[0m
  [1m[36mActiveRecord::SchemaMigration Create (0.1ms)[0m  [1m[32mINSERT INTO "schema_migrations" ("version") VALUES ('20260916130500') RETURNING "version" /*application='Backend'*/[0m
  [1m[36mTRANSACTION (0.2ms)[0m  [1m[35mCOMMIT /*application='Backend'*/[0m
  [1m[35m (0.6ms)[0m  [1m[34mSELECT pg_advisory_unlock(3263411235106515675) /*application='Backend'*/[0m
  [1m[36mActiveRecord::SchemaMigration Load (0.0ms)[0m  [1m[34mSELECT "schema_migrations"."version" FROM "schema_migrations" ORDER BY "schema_migrations"."version" ASC /*application='Backend'*/[0m
  [1m[35mSQL (0.0ms)[0m  [1m[35mSET search_path TO public /*application='Backend'*/[0m
  [1m[35mSQL (0.0ms)[0m  [1m[35mSET search_path TO "$user", public /*application='Backend'*/[0m
  [1m[35mSQL (0.0ms)[0m  [1m[35mSET search_path TO public /*application='Backend'*/[0m
  [1m[35mSQL (0.0ms)[0m  [1m[35mSET search_path TO "$user", public /*application='Backend'*/[0m
Generating image variants require the image_processing gem. Please add `gem "image_processing", "~> 1.2"` to your Gemfile or set `config.active_storage.variant_processor = :disabled`.
  [1m[36mActiveRecord::SchemaMigration Load (0.5ms)[0m  [1m[34mSELECT "schema_migrations"."version" FROM "schema_migrations" ORDER BY "schema_migrations"."version" ASC /*application='Backend'*/[0m
  [1m[36mNotification Load (2.4ms)[0m  [1m[34mSELECT "notifications".* FROM "notifications" /*application='Backend'*/[0m
  [1m[36mExpenseHistory Load (1.6ms)[0m  [1m[34mSELECT "expense_histories".* FROM "expense_histories" /*application='Backend'*/[0m
  [1m[36mExpense Load (2.5ms)[0m  [1m[34mSELECT "expenses".* FROM "expenses" /*application='Backend'*/[0m
  [1m[36mUser Update All (0.5ms)[0m  [1m[33mUPDATE "users" SET "team_id" = NULL /*application='Backend'*/[0m
  [1m[36mTeam Load (0.5ms)[0m  [1m[34mSELECT "teams".* FROM "teams" /*application='Backend'*/[0m
  [1m[36mUser Load (0.1ms)[0m  [1m[34mSELECT "users".* FROM "users" /*application='Backend'*/[0m
  [1m[36mCategory Load (2.4ms)[0m  [1m[34mSELECT "categories".* FROM "categories" /*application='Backend'*/[0m
  [1m[36mTRANSACTION (0.0ms)[0m  [1m[35mBEGIN /*application='Backend'*/[0m
  [1m[36mCategory Exists? (0.6ms)[0m  [1m[34mSELECT 1 AS one FROM "categories" WHERE LOWER("categories"."name") = LOWER('Meals & Entertainment') LIMIT 1 /*application='Backend'*/[0m
  [1m[36mCategory Create (0.6ms)[0m  [1m[32mINSERT INTO "categories" ("name", "auto_approve_limit", "is_active", "created_at", "updated_at") VALUES ('Meals & Entertainment', 50.0, TRUE, '2026-09-16 13:11:53.434139', '2026-09-16 13:11:53.434139') RETURNING "id" /*application='Backend'*/[0m
  [1m[36mTRANSACTION (0.6ms)[0m  [1m[35mCOMMIT /*application='Backend'*/[0m
  [1m[36mTRANSACTION (0.0ms)[0m  [1m[35mBEGIN /*application='Backend'*/[0m
  [1m[36mCategory Exists? (0.5ms)[0m  [1m[34mSELECT 1 AS one FROM "categories" WHERE LOWER("categories"."name") = LOWER('Travel & Lodging') LIMIT 1 /*application='Backend'*/[0m
  [1m[36mCategory Create (0.1ms)[0m  [1m[32mINSERT INTO "categories" ("name", "auto_approve_limit", "is_active", "created_at", "updated_at") VALUES ('Travel & Lodging', 150.0, TRUE, '2026-09-16 13:11:53.437061', '2026-09-16 13:11:53.437061') RETURNING "id" /*application='Backend'*/[0m
  [1m[36mTRANSACTION (0.1ms)[0m  [1m[35mCOMMIT /*application='Backend'*/[0m
  [1m[36mTRANSACTION (0.0ms)[0m  [1m[35mBEGIN /*application='Backend'*/[0m
  [1m[36mCategory Exists? (0.5ms)[0m  [1m[34mSELECT 1 AS one FROM "categories" WHERE LOWER("categories"."name") = LOWER('Software & Subscriptions') LIMIT 1 /*application='Backend'*/[0m
  [1m[36mCategory Create (0.1ms)[0m  [1m[32mINSERT INTO "categories" ("name", "auto_approve_limit", "is_active", "created_at", "updated_at") VALUES ('Software & Subscriptions', 100.0, TRUE, '2026-09-16 13:11:53.438732', '2026-09-16 13:11:53.438732') RETURNING "id" /*application='Backend'*/[0m
  [1m[36mTRANSACTION (0.1ms)[0m  [1m[35mCOMMIT /*application='Backend'*/[0m
  [1m[36mTRANSACTION (0.0ms)[0m  [1m[35mBEGIN /*application='Backend'*/[0m
  [1m[36mCategory Exists? (0.4ms)[0m  [1m[34mSELECT 1 AS one FROM "categories" WHERE LOWER("categories"."name") = LOWER('Equipment & Hardware') LIMIT 1 /*application='Backend'*/[0m
  [1m[36mCategory Create (0.1ms)[0m  [1m[32mINSERT INTO "categories" ("name", "auto_approve_limit", "is_active", "created_at", "updated_at") VALUES ('Equipment & Hardware', 0.0, TRUE, '2026-09-16 13:11:53.440301', '2026-09-16 13:11:53.440301') RETURNING "id" /*application='Backend'*/[0m
  [1m[36mTRANSACTION (0.1ms)[0m  [1m[35mCOMMIT /*application='Backend'*/[0m
  [1m[36mTRANSACTION (0.0ms)[0m  [1m[35mBEGIN /*application='Backend'*/[0m
  [1m[36mCategory Exists? (8.0ms)[0m  [1m[34mSELECT 1 AS one FROM "categories" WHERE LOWER("categories"."name") = LOWER('Legacy Relocation') LIMIT 1 /*application='Backend'*/[0m
  [1m[36mCategory Create (0.1ms)[0m  [1m[32mINSERT INTO "categories" ("name", "auto_approve_limit", "is_active", "created_at", "updated_at") VALUES ('Legacy Relocation', 0.0, FALSE, '2026-09-16 13:11:53.449490', '2026-09-16 13:11:53.449490') RETURNING "id" /*application='Backend'*/[0m
  [1m[36mTRANSACTION (0.2ms)[0m  [1m[35mCOMMIT /*application='Backend'*/[0m
  [1m[36mTRANSACTION (0.1ms)[0m  [1m[35mBEGIN /*application='Backend'*/[0m
  [1m[36mUser Exists? (0.7ms)[0m  [1m[34mSELECT 1 AS one FROM "users" WHERE LOWER("users"."email") = LOWER('admin@expenseflow.com') LIMIT 1 /*application='Backend'*/[0m
  [1m[36mUser Create (1.3ms)[0m  [1m[32mINSERT INTO "users" ("name", "email", "password_digest", "role", "team_id", "is_active", "created_at", "updated_at") VALUES ('Sarah Admin', 'admin@expenseflow.com', '$2a$12$gAQ7ddsR2DUHGfjKjxOciuXJkzaAnfLtrVAadES0VwZd2O3j3fKwC', 'admin', NULL, TRUE, '2026-09-16 13:11:53.628725', '2026-09-16 13:11:53.628725') RETURNING "id" /*application='Backend'*/[0m
  [1m[36mTRANSACTION (0.6ms)[0m  [1m[35mCOMMIT /*application='Backend'*/[0m
  [1m[36mTRANSACTION (0.1ms)[0m  [1m[35mBEGIN /*application='Backend'*/[0m
  [1m[36mUser Exists? (1.2ms)[0m  [1m[34mSELECT 1 AS one FROM "users" WHERE LOWER("users"."email") = LOWER('admin2@expenseflow.com') LIMIT 1 /*application='Backend'*/[0m
  [1m[36mUser Create (0.2ms)[0m  [1m[32mINSERT INTO "users" ("name", "email", "password_digest", "role", "team_id", "is_active", "created_at", "updated_at") VALUES ('James Finance', 'admin2@expenseflow.com', '$2a$12$LF9GytCy14/dj5Hv9Xx8sOWc1smjzG51X3lTC459xlsP0.q7DCTWS', 'admin', NULL, TRUE, '2026-09-16 13:11:53.806800', '2026-09-16 13:11:53.806800') RETURNING "id" /*application='Backend'*/[0m
  [1m[36mTRANSACTION (0.5ms)[0m  [1m[35mCOMMIT /*application='Backend'*/[0m
  [1m[36mTRANSACTION (0.1ms)[0m  [1m[35mBEGIN /*application='Backend'*/[0m
  [1m[36mUser Exists? (0.8ms)[0m  [1m[34mSELECT 1 AS one FROM "users" WHERE LOWER("users"."email") = LOWER('manager.eng@expenseflow.com') LIMIT 1 /*application='Backend'*/[0m
  [1m[36mUser Create (0.2ms)[0m  [1m[32mINSERT INTO "users" ("name", "email", "password_digest", "role", "team_id", "is_active", "created_at", "updated_at") VALUES ('Alex Engineering Lead', 'manager.eng@expenseflow.com', '$2a$12$5GnGWg/SK9hFgPK8dfCd3.ZkJ622RcF6KS8ylEXnHCNjqb22UzQSu', 'manager', NULL, TRUE, '2026-09-16 13:11:53.982230', '2026-09-16 13:11:53.982230') RETURNING "id" /*application='Backend'*/[0m
  [1m[36mTRANSACTION (0.6ms)[0m  [1m[35mCOMMIT /*application='Backend'*/[0m
  [1m[36mTRANSACTION (0.1ms)[0m  [1m[35mBEGIN /*application='Backend'*/[0m
  [1m[36mUser Exists? (0.8ms)[0m  [1m[34mSELECT 1 AS one FROM "users" WHERE LOWER("users"."email") = LOWER('manager.mkt@expenseflow.com') LIMIT 1 /*application='Backend'*/[0m
  [1m[36mUser Create (0.3ms)[0m  [1m[32mINSERT INTO "users" ("name", "email", "password_digest", "role", "team_id", "is_active", "created_at", "updated_at") VALUES ('Maria Marketing Lead', 'manager.mkt@expenseflow.com', '$2a$12$A.DTu/WcFm7RPM07TJurWOYJGeBn9J/ju9A5DQCu1/ikCyl1X6arO', 'manager', NULL, TRUE, '2026-09-16 13:11:54.157992', '2026-09-16 13:11:54.157992') RETURNING "id" /*application='Backend'*/[0m
  [1m[36mTRANSACTION (0.3ms)[0m  [1m[35mCOMMIT /*application='Backend'*/[0m
  [1m[36mTRANSACTION (0.1ms)[0m  [1m[35mBEGIN /*application='Backend'*/[0m
  [1m[36mTeam Exists? (1.5ms)[0m  [1m[34mSELECT 1 AS one FROM "teams" WHERE LOWER("teams"."name") = LOWER('Engineering') LIMIT 1 /*application='Backend'*/[0m
  [1m[36mTeam Create (1.1ms)[0m  [1m[32mINSERT INTO "teams" ("name", "manager_id", "created_at", "updated_at") VALUES ('Engineering', 3, '2026-09-16 13:11:54.167188', '2026-09-16 13:11:54.167188') RETURNING "id" /*application='Backend'*/[0m
  [1m[36mTRANSACTION (0.1ms)[0m  [1m[35mCOMMIT /*application='Backend'*/[0m
  [1m[36mTRANSACTION (0.0ms)[0m  [1m[35mBEGIN /*application='Backend'*/[0m
  [1m[36mTeam Exists? (0.5ms)[0m  [1m[34mSELECT 1 AS one FROM "teams" WHERE LOWER("teams"."name") = LOWER('Marketing') LIMIT 1 /*application='Backend'*/[0m
  [1m[36mTeam Create (0.2ms)[0m  [1m[32mINSERT INTO "teams" ("name", "manager_id", "created_at", "updated_at") VALUES ('Marketing', 4, '2026-09-16 13:11:54.169953', '2026-09-16 13:11:54.169953') RETURNING "id" /*application='Backend'*/[0m
  [1m[36mTRANSACTION (0.1ms)[0m  [1m[35mCOMMIT /*application='Backend'*/[0m
  [1m[36mTRANSACTION (0.1ms)[0m  [1m[35mBEGIN /*application='Backend'*/[0m
  [1m[36mUser Exists? (0.8ms)[0m  [1m[34mSELECT 1 AS one FROM "users" WHERE LOWER("users"."email") = LOWER('alice@expenseflow.com') LIMIT 1 /*application='Backend'*/[0m
  [1m[36mUser Create (0.4ms)[0m  [1m[32mINSERT INTO "users" ("name", "email", "password_digest", "role", "team_id", "is_active", "created_at", "updated_at") VALUES ('Alice Chen', 'alice@expenseflow.com', '$2a$12$Sc09spFRtnIZDJpO46hGZ.ZLrAtIAfQ9IwXbSsdhEk7jqcm/Hg6aK', 'employee', 1, TRUE, '2026-09-16 13:11:54.345553', '2026-09-16 13:11:54.345553') RETURNING "id" /*application='Backend'*/[0m
  [1m[36mTRANSACTION (0.5ms)[0m  [1m[35mCOMMIT /*application='Backend'*/[0m
  [1m[36mTRANSACTION (0.1ms)[0m  [1m[35mBEGIN /*application='Backend'*/[0m
  [1m[36mUser Exists? (0.7ms)[0m  [1m[34mSELECT 1 AS one FROM "users" WHERE LOWER("users"."email") = LOWER('bob@expenseflow.com') LIMIT 1 /*application='Backend'*/[0m
  [1m[36mUser Create (0.4ms)[0m  [1m[32mINSERT INTO "users" ("name", "email", "password_digest", "role", "team_id", "is_active", "created_at", "updated_at") VALUES ('Bob Miller', 'bob@expenseflow.com', '$2a$12$ql9p697bLVZvr5cw2gwQsO0egYKDgvHoAS.Ya2Sclc90GPd/kOAKq', 'employee', 1, TRUE, '2026-09-16 13:11:54.521108', '2026-09-16 13:11:54.521108') RETURNING "id" /*application='Backend'*/[0m
  [1m[36mTRANSACTION (0.5ms)[0m  [1m[35mCOMMIT /*application='Backend'*/[0m
  [1m[36mTRANSACTION (0.1ms)[0m  [1m[35mBEGIN /*application='Backend'*/[0m
  [1m[36mUser Exists? (0.8ms)[0m  [1m[34mSELECT 1 AS one FROM "users" WHERE LOWER("users"."email") = LOWER('carol@expenseflow.com') LIMIT 1 /*application='Backend'*/[0m
  [1m[36mUser Create (0.4ms)[0m  [1m[32mINSERT INTO "users" ("name", "email", "password_digest", "role", "team_id", "is_active", "created_at", "updated_at") VALUES ('Carol Davis', 'carol@expenseflow.com', '$2a$12$O0atvllkKbtroIYeOnRoXOIeRxpAun42.x8revl9ryxOm0Z91wSHO', 'employee', 2, TRUE, '2026-09-16 13:11:54.697018', '2026-09-16 13:11:54.697018') RETURNING "id" /*application='Backend'*/[0m
  [1m[36mTRANSACTION (0.5ms)[0m  [1m[35mCOMMIT /*application='Backend'*/[0m
  [1m[36mTRANSACTION (0.1ms)[0m  [1m[35mBEGIN /*application='Backend'*/[0m
  [1m[36mUser Exists? (0.8ms)[0m  [1m[34mSELECT 1 AS one FROM "users" WHERE LOWER("users"."email") = LOWER('dave.inactive@expenseflow.com') LIMIT 1 /*application='Backend'*/[0m
  [1m[36mUser Create (0.3ms)[0m  [1m[32mINSERT INTO "users" ("name", "email", "password_digest", "role", "team_id", "is_active", "created_at", "updated_at") VALUES ('Dave Inactive', 'dave.inactive@expenseflow.com', '$2a$12$s8IdEAXUE8bsPlfC2yMaOOoiao9ThQiaD4hRjdpTldIVbhAw5B4Va', 'employee', 1, FALSE, '2026-09-16 13:11:54.872886', '2026-09-16 13:11:54.872886') RETURNING "id" /*application='Backend'*/[0m
  [1m[36mTRANSACTION (0.5ms)[0m  [1m[35mCOMMIT /*application='Backend'*/[0m
  [1m[36mTRANSACTION (0.1ms)[0m  [1m[35mBEGIN /*application='Backend'*/[0m
  [1m[36mExpense Create (1.7ms)[0m  [1m[32mINSERT INTO "expenses" ("user_id", "category_id", "title", "description", "amount", "spent_date", "status", "payment_reference", "submitted_at", "reimbursed_at", "created_at", "updated_at") VALUES (5, 1, 'Client Lunch at Bistro', 'Lunch meeting with prospect client to discuss enterprise plan.', 42.5, '2026-09-14', 'draft', NULL, NULL, NULL, '2026-09-16 13:11:54.877854', '2026-09-16 13:11:54.877854') RETURNING "id" /*application='Backend'*/[0m
  [1m[36mTRANSACTION (0.2ms)[0m  [1m[35mCOMMIT /*application='Backend'*/[0m
  [1m[36mTRANSACTION (0.1ms)[0m  [1m[35mBEGIN /*application='Backend'*/[0m
  [1m[36mExpenseHistory Create (1.4ms)[0m  [1m[32mINSERT INTO "expense_histories" ("expense_id", "actor_id", "actor_type", "actor_name", "previous_status", "new_status", "comment", "created_at") VALUES (1, 5, 'user', 'Alice Chen', NULL, 'draft', 'Created draft expense', '2026-09-14 13:11:54.885485') RETURNING "id" /*application='Backend'*/[0m
  [1m[36mTRANSACTION (0.2ms)[0m  [1m[35mCOMMIT /*application='Backend'*/[0m
  [1m[36mTRANSACTION (0.0ms)[0m  [1m[35mBEGIN /*application='Backend'*/[0m
  [1m[36mExpense Create (1.2ms)[0m  [1m[32mINSERT INTO "expenses" ("user_id", "category_id", "title", "description", "amount", "spent_date", "status", "payment_reference", "submitted_at", "reimbursed_at", "created_at", "updated_at") VALUES (6, 4, 'Ergonomic Keyboard & Mouse', 'Replacement keyboard for home office workspace.', 119.99, '2026-09-11', 'draft', NULL, NULL, NULL, '2026-09-16 13:11:54.890590', '2026-09-16 13:11:54.890590') RETURNING "id" /*application='Backend'*/[0m
  [1m[36mTRANSACTION (0.1ms)[0m  [1m[35mCOMMIT /*application='Backend'*/[0m
  [1m[36mTRANSACTION (0.0ms)[0m  [1m[35mBEGIN /*application='Backend'*/[0m
  [1m[36mExpenseHistory Create (0.6ms)[0m  [1m[32mINSERT INTO "expense_histories" ("expense_id", "actor_id", "actor_type", "actor_name", "previous_status", "new_status", "comment", "created_at") VALUES (2, 6, 'user', 'Bob Miller', NULL, 'draft', 'Created draft expense', '2026-09-11 13:11:54.892579') RETURNING "id" /*application='Backend'*/[0m
  [1m[36mTRANSACTION (0.1ms)[0m  [1m[35mCOMMIT /*application='Backend'*/[0m
  [1m[36mTRANSACTION (0.0ms)[0m  [1m[35mBEGIN /*application='Backend'*/[0m
  [1m[36mExpense Create (0.6ms)[0m  [1m[32mINSERT INTO "expenses" ("user_id", "category_id", "title", "description", "amount", "spent_date", "status", "payment_reference", "submitted_at", "reimbursed_at", "created_at", "updated_at") VALUES (6, 2, 'Flight to NYC Client Summit', 'Roundtrip economy flight from SFO to JFK for client onboarding.', 485.0, '2026-09-09', 'submitted', NULL, '2026-09-10 13:11:54.894108', NULL, '2026-09-16 13:11:54.894236', '2026-09-16 13:11:54.894236') RETURNING "id" /*application='Backend'*/[0m
  [1m[36mTRANSACTION (0.1ms)[0m  [1m[35mCOMMIT /*application='Backend'*/[0m
  [1m[36mTRANSACTION (0.0ms)[0m  [1m[35mBEGIN /*application='Backend'*/[0m
  [1m[36mExpenseHistory Create (0.6ms)[0m  [1m[32mINSERT INTO "expense_histories" ("expense_id", "actor_id", "actor_type", "actor_name", "previous_status", "new_status", "comment", "created_at") VALUES (3, 6, 'user', 'Bob Miller', NULL, 'draft', 'Created draft', '2026-09-09 13:11:54.895521') RETURNING "id" /*application='Backend'*/[0m
  [1m[36mTRANSACTION (0.1ms)[0m  [1m[35mCOMMIT /*application='Backend'*/[0m
  [1m[36mTRANSACTION (0.0ms)[0m  [1m[35mBEGIN /*application='Backend'*/[0m
  [1m[36mExpenseHistory Create (0.6ms)[0m  [1m[32mINSERT INTO "expense_histories" ("expense_id", "actor_id", "actor_type", "actor_name", "previous_status", "new_status", "comment", "created_at") VALUES (3, 6, 'user', 'Bob Miller', 'draft', 'submitted', 'Submitted for manager review', '2026-09-10 13:11:54.896950') RETURNING "id" /*application='Backend'*/[0m
  [1m[36mTRANSACTION (0.1ms)[0m  [1m[35mCOMMIT /*application='Backend'*/[0m
  [1m[36mTRANSACTION (0.1ms)[0m  [1m[35mBEGIN /*application='Backend'*/[0m
  [1m[36mNotification Create (1.4ms)[0m  [1m[32mINSERT INTO "notifications" ("user_id", "expense_id", "message", "is_read", "created_at") VALUES (6, 3, 'Your expense ''Flight to NYC Client Summit'' ($485.00) was submitted for review.', FALSE, '2026-09-10 13:11:54.898816') RETURNING "id" /*application='Backend'*/[0m
  [1m[36mTRANSACTION (0.2ms)[0m  [1m[35mCOMMIT /*application='Backend'*/[0m
  [1m[36mTRANSACTION (0.0ms)[0m  [1m[35mBEGIN /*application='Backend'*/[0m
  [1m[36mExpense Create (0.6ms)[0m  [1m[32mINSERT INTO "expenses" ("user_id", "category_id", "title", "description", "amount", "spent_date", "status", "payment_reference", "submitted_at", "reimbursed_at", "created_at", "updated_at") VALUES (7, 3, 'Social Analytics Annual License', 'Team subscription for competitor social listening tools.', 240.0, '2026-09-12', 'submitted', NULL, '2026-09-13 13:11:54.903177', NULL, '2026-09-16 13:11:54.903296', '2026-09-16 13:11:54.903296') RETURNING "id" /*application='Backend'*/[0m
  [1m[36mTRANSACTION (0.1ms)[0m  [1m[35mCOMMIT /*application='Backend'*/[0m
  [1m[36mTRANSACTION (0.0ms)[0m  [1m[35mBEGIN /*application='Backend'*/[0m
  [1m[36mExpenseHistory Create (0.6ms)[0m  [1m[32mINSERT INTO "expense_histories" ("expense_id", "actor_id", "actor_type", "actor_name", "previous_status", "new_status", "comment", "created_at") VALUES (4, 7, 'user', 'Carol Davis', NULL, 'draft', 'Created draft', '2026-09-12 13:11:54.904640') RETURNING "id" /*application='Backend'*/[0m
  [1m[36mTRANSACTION (0.2ms)[0m  [1m[35mCOMMIT /*application='Backend'*/[0m
  [1m[36mTRANSACTION (0.1ms)[0m  [1m[35mBEGIN /*application='Backend'*/[0m
  [1m[36mExpenseHistory Create (0.8ms)[0m  [1m[32mINSERT INTO "expense_histories" ("expense_id", "actor_id", "actor_type", "actor_name", "previous_status", "new_status", "comment", "created_at") VALUES (4, 7, 'user', 'Carol Davis', 'draft', 'submitted', 'Submitted for manager approval', '2026-09-13 13:11:54.906143') RETURNING "id" /*application='Backend'*/[0m
  [1m[36mTRANSACTION (0.2ms)[0m  [1m[35mCOMMIT /*application='Backend'*/[0m
  [1m[36mTRANSACTION (0.1ms)[0m  [1m[35mBEGIN /*application='Backend'*/[0m
  [1m[36mNotification Create (0.7ms)[0m  [1m[32mINSERT INTO "notifications" ("user_id", "expense_id", "message", "is_read", "created_at") VALUES (7, 4, 'Your expense ''Social Analytics Annual License'' ($240.00) was submitted for review.', FALSE, '2026-09-13 13:11:54.907803') RETURNING "id" /*application='Backend'*/[0m
  [1m[36mTRANSACTION (0.1ms)[0m  [1m[35mCOMMIT /*application='Backend'*/[0m
  [1m[36mTRANSACTION (0.0ms)[0m  [1m[35mBEGIN /*application='Backend'*/[0m
  [1m[36mExpense Create (0.7ms)[0m  [1m[32mINSERT INTO "expenses" ("user_id", "category_id", "title", "description", "amount", "spent_date", "status", "payment_reference", "submitted_at", "reimbursed_at", "created_at", "updated_at") VALUES (3, 2, 'Hotel at RailsConf 2026', '3 nights hotel stay during Rails conference.', 620.0, '2026-09-08', 'submitted', NULL, '2026-09-09 13:11:54.909348', NULL, '2026-09-16 13:11:54.909511', '2026-09-16 13:11:54.909511') RETURNING "id" /*application='Backend'*/[0m
  [1m[36mTRANSACTION (0.1ms)[0m  [1m[35mCOMMIT /*application='Backend'*/[0m
  [1m[36mTRANSACTION (0.0ms)[0m  [1m[35mBEGIN /*application='Backend'*/[0m
  [1m[36mExpenseHistory Create (0.6ms)[0m  [1m[32mINSERT INTO "expense_histories" ("expense_id", "actor_id", "actor_type", "actor_name", "previous_status", "new_status", "comment", "created_at") VALUES (5, 3, 'user', 'Alex Engineering Lead', NULL, 'draft', 'Draft created', '2026-09-08 13:11:54.910946') RETURNING "id" /*application='Backend'*/[0m
  [1m[36mTRANSACTION (0.2ms)[0m  [1m[35mCOMMIT /*application='Backend'*/[0m
  [1m[36mTRANSACTION (0.0ms)[0m  [1m[35mBEGIN /*application='Backend'*/[0m
  [1m[36mExpenseHistory Create (0.5ms)[0m  [1m[32mINSERT INTO "expense_histories" ("expense_id", "actor_id", "actor_type", "actor_name", "previous_status", "new_status", "comment", "created_at") VALUES (5, 3, 'user', 'Alex Engineering Lead', 'draft', 'submitted', 'Submitted by manager (requires Admin review)', '2026-09-09 13:11:54.912487') RETURNING "id" /*application='Backend'*/[0m
  [1m[36mTRANSACTION (1.1ms)[0m  [1m[35mCOMMIT /*application='Backend'*/[0m
  [1m[36mTRANSACTION (0.1ms)[0m  [1m[35mBEGIN /*application='Backend'*/[0m
  [1m[36mNotification Create (0.6ms)[0m  [1m[32mINSERT INTO "notifications" ("user_id", "expense_id", "message", "is_read", "created_at") VALUES (3, 5, 'Your expense ''Hotel at RailsConf 2026'' ($620.00) was submitted for admin review.', FALSE, '2026-09-09 13:11:54.914789') RETURNING "id" /*application='Backend'*/[0m
  [1m[36mTRANSACTION (0.1ms)[0m  [1m[35mCOMMIT /*application='Backend'*/[0m
  [1m[36mTRANSACTION (0.0ms)[0m  [1m[35mBEGIN /*application='Backend'*/[0m
  [1m[36mExpense Create (0.6ms)[0m  [1m[32mINSERT INTO "expenses" ("user_id", "category_id", "title", "description", "amount", "spent_date", "status", "payment_reference", "submitted_at", "reimbursed_at", "created_at", "updated_at") VALUES (2, 1, 'Q3 Finance Team Dinner', 'Quarterly wrap-up dinner with finance consultants.', 175.5, '2026-09-13', 'submitted', NULL, '2026-09-14 13:11:54.916271', NULL, '2026-09-16 13:11:54.916394', '2026-09-16 13:11:54.916394') RETURNING "id" /*application='Backend'*/[0m
  [1m[36mTRANSACTION (0.2ms)[0m  [1m[35mCOMMIT /*application='Backend'*/[0m
  [1m[36mTRANSACTION (0.1ms)[0m  [1m[35mBEGIN /*application='Backend'*/[0m
  [1m[36mExpenseHistory Create (0.6ms)[0m  [1m[32mINSERT INTO "expense_histories" ("expense_id", "actor_id", "actor_type", "actor_name", "previous_status", "new_status", "comment", "created_at") VALUES (6, 2, 'user', 'James Finance', NULL, 'draft', 'Created draft', '2026-09-13 13:11:54.917813') RETURNING "id" /*application='Backend'*/[0m
  [1m[36mTRANSACTION (0.1ms)[0m  [1m[35mCOMMIT /*application='Backend'*/[0m
  [1m[36mTRANSACTION (0.0ms)[0m  [1m[35mBEGIN /*application='Backend'*/[0m
  [1m[36mExpenseHistory Create (0.5ms)[0m  [1m[32mINSERT INTO "expense_histories" ("expense_id", "actor_id", "actor_type", "actor_name", "previous_status", "new_status", "comment", "created_at") VALUES (6, 2, 'user', 'James Finance', 'draft', 'submitted', 'Submitted by admin (requires peer Admin review)', '2026-09-14 13:11:54.919255') RETURNING "id" /*application='Backend'*/[0m
  [1m[36mTRANSACTION (0.1ms)[0m  [1m[35mCOMMIT /*application='Backend'*/[0m
  [1m[36mTRANSACTION (0.1ms)[0m  [1m[35mBEGIN /*application='Backend'*/[0m
  [1m[36mNotification Create (0.6ms)[0m  [1m[32mINSERT INTO "notifications" ("user_id", "expense_id", "message", "is_read", "created_at") VALUES (2, 6, 'Your expense ''Q3 Finance Team Dinner'' ($175.50) was submitted for peer admin review.', FALSE, '2026-09-14 13:11:54.920601') RETURNING "id" /*application='Backend'*/[0m
  [1m[36mTRANSACTION (0.1ms)[0m  [1m[35mCOMMIT /*application='Backend'*/[0m
  [1m[36mTRANSACTION (0.1ms)[0m  [1m[35mBEGIN /*application='Backend'*/[0m
  [1m[36mExpense Create (0.5ms)[0m  [1m[32mINSERT INTO "expenses" ("user_id", "category_id", "title", "description", "amount", "spent_date", "status", "payment_reference", "submitted_at", "reimbursed_at", "created_at", "updated_at") VALUES (5, 1, 'Airport Coffee & Sandwich', 'Breakfast while traveling to customer site.', 32.75, '2026-09-04', 'approved', NULL, '2026-09-05 13:11:54.922064', NULL, '2026-09-16 13:11:54.922182', '2026-09-16 13:11:54.922182') RETURNING "id" /*application='Backend'*/[0m
  [1m[36mTRANSACTION (0.1ms)[0m  [1m[35mCOMMIT /*application='Backend'*/[0m
  [1m[36mTRANSACTION (0.0ms)[0m  [1m[35mBEGIN /*application='Backend'*/[0m
  [1m[36mExpenseHistory Create (0.5ms)[0m  [1m[32mINSERT INTO "expense_histories" ("expense_id", "actor_id", "actor_type", "actor_name", "previous_status", "new_status", "comment", "created_at") VALUES (7, 5, 'user', 'Alice Chen', NULL, 'draft', 'Created draft', '2026-09-04 13:11:54.923453') RETURNING "id" /*application='Backend'*/[0m
  [1m[36mTRANSACTION (0.1ms)[0m  [1m[35mCOMMIT /*application='Backend'*/[0m
  [1m[36mTRANSACTION (0.0ms)[0m  [1m[35mBEGIN /*application='Backend'*/[0m
  [1m[36mExpenseHistory Create (0.4ms)[0m  [1m[32mINSERT INTO "expense_histories" ("expense_id", "actor_id", "actor_type", "actor_name", "previous_status", "new_status", "comment", "created_at") VALUES (7, NULL, 'system', 'System', 'draft', 'approved', 'Auto-approved: Amount ($32.75) is within category limit ($50.00)', '2026-09-05 13:11:54.924859') RETURNING "id" /*application='Backend'*/[0m
  [1m[36mTRANSACTION (0.1ms)[0m  [1m[35mCOMMIT /*application='Backend'*/[0m
  [1m[36mTRANSACTION (0.1ms)[0m  [1m[35mBEGIN /*application='Backend'*/[0m
  [1m[36mNotification Create (0.6ms)[0m  [1m[32mINSERT INTO "notifications" ("user_id", "expense_id", "message", "is_read", "created_at") VALUES (5, 7, 'Your expense ''Airport Coffee & Sandwich'' ($32.75) was automatically approved.', FALSE, '2026-09-05 13:11:54.926112') RETURNING "id" /*application='Backend'*/[0m
  [1m[36mTRANSACTION (0.1ms)[0m  [1m[35mCOMMIT /*application='Backend'*/[0m
  [1m[36mTRANSACTION (0.0ms)[0m  [1m[35mBEGIN /*application='Backend'*/[0m
  [1m[36mExpense Create (0.5ms)[0m  [1m[32mINSERT INTO "expenses" ("user_id", "category_id", "title", "description", "amount", "spent_date", "status", "payment_reference", "submitted_at", "reimbursed_at", "created_at", "updated_at") VALUES (6, 3, 'Cloud Infrastructure Staging Server', 'Dedicated testing cluster for new microservices deployment.', 290.0, '2026-09-01', 'approved', NULL, '2026-09-02 13:11:54.927573', NULL, '2026-09-16 13:11:54.927691', '2026-09-16 13:11:54.927691') RETURNING "id" /*application='Backend'*/[0m
  [1m[36mTRANSACTION (0.1ms)[0m  [1m[35mCOMMIT /*application='Backend'*/[0m
  [1m[36mTRANSACTION (0.0ms)[0m  [1m[35mBEGIN /*application='Backend'*/[0m
  [1m[36mExpenseHistory Create (0.5ms)[0m  [1m[32mINSERT INTO "expense_histories" ("expense_id", "actor_id", "actor_type", "actor_name", "previous_status", "new_status", "comment", "created_at") VALUES (8, 6, 'user', 'Bob Miller', NULL, 'draft', 'Created draft', '2026-09-01 13:11:54.928926') RETURNING "id" /*application='Backend'*/[0m
  [1m[36mTRANSACTION (0.1ms)[0m  [1m[35mCOMMIT /*application='Backend'*/[0m
  [1m[36mTRANSACTION (0.0ms)[0m  [1m[35mBEGIN /*application='Backend'*/[0m
  [1m[36mExpenseHistory Create (6.5ms)[0m  [1m[32mINSERT INTO "expense_histories" ("expense_id", "actor_id", "actor_type", "actor_name", "previous_status", "new_status", "comment", "created_at") VALUES (8, 6, 'user', 'Bob Miller', 'draft', 'submitted', 'Submitted for approval', '2026-09-02 13:11:54.930309') RETURNING "id" /*application='Backend'*/[0m
  [1m[36mTRANSACTION (0.2ms)[0m  [1m[35mCOMMIT /*application='Backend'*/[0m
  [1m[36mTRANSACTION (0.1ms)[0m  [1m[35mBEGIN /*application='Backend'*/[0m
  [1m[36mExpenseHistory Create (0.5ms)[0m  [1m[32mINSERT INTO "expense_histories" ("expense_id", "actor_id", "actor_type", "actor_name", "previous_status", "new_status", "comment", "created_at") VALUES (8, 3, 'user', 'Alex Engineering Lead', 'submitted', 'approved', 'Approved. Verified with engineering infrastructure budget.', '2026-09-03 13:11:54.937743') RETURNING "id" /*application='Backend'*/[0m
  [1m[36mTRANSACTION (0.1ms)[0m  [1m[35mCOMMIT /*application='Backend'*/[0m
  [1m[36mTRANSACTION (0.0ms)[0m  [1m[35mBEGIN /*application='Backend'*/[0m
  [1m[36mNotification Create (0.6ms)[0m  [1m[32mINSERT INTO "notifications" ("user_id", "expense_id", "message", "is_read", "created_at") VALUES (6, 8, 'Your expense ''Cloud Infrastructure Staging Server'' was approved by Alex Engineering Lead.', FALSE, '2026-09-03 13:11:54.939242') RETURNING "id" /*application='Backend'*/[0m
  [1m[36mTRANSACTION (0.1ms)[0m  [1m[35mCOMMIT /*application='Backend'*/[0m
  [1m[36mTRANSACTION (0.0ms)[0m  [1m[35mBEGIN /*application='Backend'*/[0m
  [1m[36mExpense Create (0.5ms)[0m  [1m[32mINSERT INTO "expenses" ("user_id", "category_id", "title", "description", "amount", "spent_date", "status", "payment_reference", "submitted_at", "reimbursed_at", "created_at", "updated_at") VALUES (5, 1, 'Team VIP Tasting Menu Dinner', 'Celebration dinner for launch milestone.', 1250.0, '2026-08-27', 'rejected', NULL, '2026-08-28 13:11:54.941222', NULL, '2026-09-16 13:11:54.941367', '2026-09-16 13:11:54.941367') RETURNING "id" /*application='Backend'*/[0m
  [1m[36mTRANSACTION (0.1ms)[0m  [1m[35mCOMMIT /*application='Backend'*/[0m
  [1m[36mTRANSACTION (0.1ms)[0m  [1m[35mBEGIN /*application='Backend'*/[0m
  [1m[36mExpenseHistory Create (0.5ms)[0m  [1m[32mINSERT INTO "expense_histories" ("expense_id", "actor_id", "actor_type", "actor_name", "previous_status", "new_status", "comment", "created_at") VALUES (9, 5, 'user', 'Alice Chen', NULL, 'draft', 'Draft created', '2026-08-27 13:11:54.942633') RETURNING "id" /*application='Backend'*/[0m
  [1m[36mTRANSACTION (0.1ms)[0m  [1m[35mCOMMIT /*application='Backend'*/[0m
  [1m[36mTRANSACTION (0.0ms)[0m  [1m[35mBEGIN /*application='Backend'*/[0m
  [1m[36mExpenseHistory Create (0.5ms)[0m  [1m[32mINSERT INTO "expense_histories" ("expense_id", "actor_id", "actor_type", "actor_name", "previous_status", "new_status", "comment", "created_at") VALUES (9, 5, 'user', 'Alice Chen', 'draft', 'submitted', 'Submitted for manager review', '2026-08-28 13:11:54.944510') RETURNING "id" /*application='Backend'*/[0m
  [1m[36mTRANSACTION (0.1ms)[0m  [1m[35mCOMMIT /*application='Backend'*/[0m
  [1m[36mTRANSACTION (0.1ms)[0m  [1m[35mBEGIN /*application='Backend'*/[0m
  [1m[36mExpenseHistory Create (0.5ms)[0m  [1m[32mINSERT INTO "expense_histories" ("expense_id", "actor_id", "actor_type", "actor_name", "previous_status", "new_status", "comment", "created_at") VALUES (9, 3, 'user', 'Alex Engineering Lead', 'submitted', 'rejected', 'Exceeds permissible per-person dinner limits ($100/person). Please itemize attendees and resubmit.', '2026-08-29 13:11:54.945810') RETURNING "id" /*application='Backend'*/[0m
  [1m[36mTRANSACTION (0.1ms)[0m  [1m[35mCOMMIT /*application='Backend'*/[0m
  [1m[36mTRANSACTION (0.1ms)[0m  [1m[35mBEGIN /*application='Backend'*/[0m
  [1m[36mNotification Create (0.5ms)[0m  [1m[32mINSERT INTO "notifications" ("user_id", "expense_id", "message", "is_read", "created_at") VALUES (5, 9, 'Your expense ''Team VIP Tasting Menu Dinner'' was rejected by Alex Engineering Lead: Exceeds permissible per-person dinner limits ($100/person). Please itemize attendees and resubmit.', FALSE, '2026-08-29 13:11:54.947616') RETURNING "id" /*application='Backend'*/[0m
  [1m[36mTRANSACTION (0.1ms)[0m  [1m[35mCOMMIT /*application='Backend'*/[0m
  [1m[36mTRANSACTION (0.1ms)[0m  [1m[35mBEGIN /*application='Backend'*/[0m
  [1m[36mExpense Create (0.5ms)[0m  [1m[32mINSERT INTO "expenses" ("user_id", "category_id", "title", "description", "amount", "spent_date", "status", "payment_reference", "submitted_at", "reimbursed_at", "created_at", "updated_at") VALUES (5, 2, 'Uber to SFO Airport', 'Taxi ride to catch morning customer flight.', 84.2, '2026-08-22', 'reimbursed', 'WIRE-2026-9821', '2026-08-23 13:11:54.948967', '2026-08-25 13:11:54.948979', '2026-09-16 13:11:54.949127', '2026-09-16 13:11:54.949127') RETURNING "id" /*application='Backend'*/[0m
  [1m[36mTRANSACTION (0.2ms)[0m  [1m[35mCOMMIT /*application='Backend'*/[0m
  [1m[36mTRANSACTION (0.1ms)[0m  [1m[35mBEGIN /*application='Backend'*/[0m
  [1m[36mExpenseHistory Create (0.5ms)[0m  [1m[32mINSERT INTO "expense_histories" ("expense_id", "actor_id", "actor_type", "actor_name", "previous_status", "new_status", "comment", "created_at") VALUES (10, 5, 'user', 'Alice Chen', NULL, 'draft', NULL, '2026-08-22 13:11:54.950427') RETURNING "id" /*application='Backend'*/[0m
  [1m[36mTRANSACTION (0.2ms)[0m  [1m[35mCOMMIT /*application='Backend'*/[0m
  [1m[36mTRANSACTION (0.1ms)[0m  [1m[35mBEGIN /*application='Backend'*/[0m
  [1m[36mExpenseHistory Create (0.5ms)[0m  [1m[32mINSERT INTO "expense_histories" ("expense_id", "actor_id", "actor_type", "actor_name", "previous_status", "new_status", "comment", "created_at") VALUES (10, NULL, 'system', 'System', 'draft', 'approved', 'Auto-approved: Amount ($84.20) is within category limit ($150.00)', '2026-08-23 13:11:54.952296') RETURNING "id" /*application='Backend'*/[0m
  [1m[36mTRANSACTION (0.1ms)[0m  [1m[35mCOMMIT /*application='Backend'*/[0m
  [1m[36mTRANSACTION (0.0ms)[0m  [1m[35mBEGIN /*application='Backend'*/[0m
  [1m[36mExpenseHistory Create (0.9ms)[0m  [1m[32mINSERT INTO "expense_histories" ("expense_id", "actor_id", "actor_type", "actor_name", "previous_status", "new_status", "comment", "created_at") VALUES (10, 1, 'user', 'Sarah Admin', 'approved', 'reimbursed', 'Payment Reference: WIRE-2026-9821', '2026-08-25 13:11:54.953600') RETURNING "id" /*application='Backend'*/[0m
  [1m[36mTRANSACTION (0.1ms)[0m  [1m[35mCOMMIT /*application='Backend'*/[0m
  [1m[36mTRANSACTION (0.1ms)[0m  [1m[35mBEGIN /*application='Backend'*/[0m
  [1m[36mNotification Create (0.5ms)[0m  [1m[32mINSERT INTO "notifications" ("user_id", "expense_id", "message", "is_read", "created_at") VALUES (5, 10, 'Your expense ''Uber to SFO Airport'' has been reimbursed. Ref: WIRE-2026-9821', FALSE, '2026-08-25 13:11:54.955330') RETURNING "id" /*application='Backend'*/[0m
  [1m[36mTRANSACTION (0.1ms)[0m  [1m[35mCOMMIT /*application='Backend'*/[0m
  [1m[36mTRANSACTION (0.0ms)[0m  [1m[35mBEGIN /*application='Backend'*/[0m
  [1m[36mExpense Create (0.5ms)[0m  [1m[32mINSERT INTO "expenses" ("user_id", "category_id", "title", "description", "amount", "spent_date", "status", "payment_reference", "submitted_at", "reimbursed_at", "created_at", "updated_at") VALUES (6, 4, '4K Dual Monitor Desk Setup', 'Secondary monitor and dual display arm.', 549.0, '2026-08-17', 'reimbursed', 'ACH-2026-5541', '2026-08-18 13:11:54.956650', '2026-08-21 13:11:54.956661', '2026-09-16 13:11:54.956783', '2026-09-16 13:11:54.956783') RETURNING "id" /*application='Backend'*/[0m
  [1m[36mTRANSACTION (0.3ms)[0m  [1m[35mCOMMIT /*application='Backend'*/[0m
  [1m[36mTRANSACTION (0.0ms)[0m  [1m[35mBEGIN /*application='Backend'*/[0m
  [1m[36mExpenseHistory Create (0.4ms)[0m  [1m[32mINSERT INTO "expense_histories" ("expense_id", "actor_id", "actor_type", "actor_name", "previous_status", "new_status", "comment", "created_at") VALUES (11, 6, 'user', 'Bob Miller', NULL, 'draft', NULL, '2026-08-17 13:11:54.958661') RETURNING "id" /*application='Backend'*/[0m
  [1m[36mTRANSACTION (0.1ms)[0m  [1m[35mCOMMIT /*application='Backend'*/[0m
  [1m[36mTRANSACTION (0.1ms)[0m  [1m[35mBEGIN /*application='Backend'*/[0m
  [1m[36mExpenseHistory Create (0.5ms)[0m  [1m[32mINSERT INTO "expense_histories" ("expense_id", "actor_id", "actor_type", "actor_name", "previous_status", "new_status", "comment", "created_at") VALUES (11, 6, 'user', 'Bob Miller', 'draft', 'submitted', 'Submitted for review', '2026-08-18 13:11:54.959970') RETURNING "id" /*application='Backend'*/[0m
  [1m[36mTRANSACTION (0.1ms)[0m  [1m[35mCOMMIT /*application='Backend'*/[0m
  [1m[36mTRANSACTION (0.0ms)[0m  [1m[35mBEGIN /*application='Backend'*/[0m
  [1m[36mExpenseHistory Create (0.5ms)[0m  [1m[32mINSERT INTO "expense_histories" ("expense_id", "actor_id", "actor_type", "actor_name", "previous_status", "new_status", "comment", "created_at") VALUES (11, 3, 'user', 'Alex Engineering Lead', 'submitted', 'approved', 'Hardware request approved under WFH stipend.', '2026-08-19 13:11:54.961557') RETURNING "id" /*application='Backend'*/[0m
  [1m[36mTRANSACTION (0.1ms)[0m  [1m[35mCOMMIT /*application='Backend'*/[0m
  [1m[36mTRANSACTION (0.0ms)[0m  [1m[35mBEGIN /*application='Backend'*/[0m
  [1m[36mExpenseHistory Create (0.5ms)[0m  [1m[32mINSERT INTO "expense_histories" ("expense_id", "actor_id", "actor_type", "actor_name", "previous_status", "new_status", "comment", "created_at") VALUES (11, 2, 'user', 'James Finance', 'approved', 'reimbursed', 'Payment Reference: ACH-2026-5541', '2026-08-21 13:11:54.962834') RETURNING "id" /*application='Backend'*/[0m
  [1m[36mTRANSACTION (0.1ms)[0m  [1m[35mCOMMIT /*application='Backend'*/[0m
  [1m[36mTRANSACTION (0.0ms)[0m  [1m[35mBEGIN /*application='Backend'*/[0m
  [1m[36mNotification Create (0.8ms)[0m  [1m[32mINSERT INTO "notifications" ("user_id", "expense_id", "message", "is_read", "created_at") VALUES (6, 11, 'Your expense ''4K Dual Monitor Desk Setup'' has been reimbursed. Ref: ACH-2026-5541', FALSE, '2026-08-21 13:11:54.964103') RETURNING "id" /*application='Backend'*/[0m
  [1m[36mTRANSACTION (0.1ms)[0m  [1m[35mCOMMIT /*application='Backend'*/[0m
  [1m[36mUser Count (0.6ms)[0m  [1m[34mSELECT COUNT(*) FROM "users" /*application='Backend'*/[0m
  [1m[36mTeam Count (0.1ms)[0m  [1m[34mSELECT COUNT(*) FROM "teams" /*application='Backend'*/[0m
  [1m[36mCategory Count (0.1ms)[0m  [1m[34mSELECT COUNT(*) FROM "categories" /*application='Backend'*/[0m
  [1m[36mExpense Count (0.2ms)[0m  [1m[34mSELECT COUNT(*) FROM "expenses" /*application='Backend'*/[0m
  [1m[36mExpenseHistory Count (0.1ms)[0m  [1m[34mSELECT COUNT(*) FROM "expense_histories" /*application='Backend'*/[0m
